<html>
<body>
<pre>
<h1>µVision Build Log</h1>
<h2>Tool Versions:</h2>
IDE-Version: µVision V5.38.0.0
Copyright (C) 2022 ARM Ltd and ARM Germany GmbH. All rights reserved.
License Information: Mehmet Kurt, METU, LIC=----
 
Tool Versions:
Toolchain:       MDK-Lite  Version: 5.38.0.0
Toolchain Path:  C:\Keil_v5\ARM\ARMCLANG\Bin
C Compiler:      ArmClang.exe V6.19
Assembler:       Armasm.exe V6.19
Linker/Locator:  ArmLink.exe V6.19
Library Manager: ArmAr.exe V6.19
Hex Converter:   FromElf.exe V6.19
CPU DLL:         SARMCM3.DLL V5.38.0.0
Dialog DLL:      DCM.DLL V1.17.5.0
Target DLL:      lmidk-agdi.dll V???
Dialog DLL:      TCM.DLL V1.56.4.0
 
<h2>Project:</h2>
C:\Users\MehmetKurt\Desktop\TermProjectGroup23MehmetKurtCaglarOzten\TempController.uvprojx
Project File Date:  01/07/2024

<h2>Output:</h2>
*** Using Compiler 'V6.19', folder: 'C:\Keil_v5\ARM\ARMCLANG\Bin'
Build target 'Target 1'
../lcd/mymain.c(1): warning: In file included from...
C:/Users/MehmetKurt/AppData/Local/Arm/Packs/Keil/TM4C_DFP/1.1.0/Device/Include/TM4C123\TM4C123GH6PM.h(298): warning: anonymous unions are a C11 extension [-Wc11-extensions]
  union {
  ^
C:/Users/MehmetKurt/AppData/Local/Arm/Packs/Keil/TM4C_DFP/1.1.0/Device/Include/TM4C123\TM4C123GH6PM.h(338): warning: anonymous unions are a C11 extension [-Wc11-extensions]
  union {
  ^
C:/Users/MehmetKurt/AppData/Local/Arm/Packs/Keil/TM4C_DFP/1.1.0/Device/Include/TM4C123\TM4C123GH6PM.h(357): warning: anonymous unions are a C11 extension [-Wc11-extensions]
  union {
  ^
C:/Users/MehmetKurt/AppData/Local/Arm/Packs/Keil/TM4C_DFP/1.1.0/Device/Include/TM4C123\TM4C123GH6PM.h(713): warning: anonymous unions are a C11 extension [-Wc11-extensions]
  union {
  ^
C:/Users/MehmetKurt/AppData/Local/Arm/Packs/Keil/TM4C_DFP/1.1.0/Device/Include/TM4C123\TM4C123GH6PM.h(729): warning: anonymous unions are a C11 extension [-Wc11-extensions]
  union {
  ^
C:/Users/MehmetKurt/AppData/Local/Arm/Packs/Keil/TM4C_DFP/1.1.0/Device/Include/TM4C123\TM4C123GH6PM.h(774): warning: anonymous unions are a C11 extension [-Wc11-extensions]
  union {
  ^
C:/Users/MehmetKurt/AppData/Local/Arm/Packs/Keil/TM4C_DFP/1.1.0/Device/Include/TM4C123\TM4C123GH6PM.h(779): warning: anonymous unions are a C11 extension [-Wc11-extensions]
  union {
  ^
C:/Users/MehmetKurt/AppData/Local/Arm/Packs/Keil/TM4C_DFP/1.1.0/Device/Include/TM4C123\TM4C123GH6PM.h(872): warning: anonymous unions are a C11 extension [-Wc11-extensions]
  union {
  ^
C:/Users/MehmetKurt/AppData/Local/Arm/Packs/Keil/TM4C_DFP/1.1.0/Device/Include/TM4C123\TM4C123GH6PM.h(885): warning: anonymous unions are a C11 extension [-Wc11-extensions]
  union {
  ^
C:/Users/MehmetKurt/AppData/Local/Arm/Packs/Keil/TM4C_DFP/1.1.0/Device/Include/TM4C123\TM4C123GH6PM.h(892): warning: anonymous unions are a C11 extension [-Wc11-extensions]
  union {
  ^
C:/Users/MehmetKurt/AppData/Local/Arm/Packs/Keil/TM4C_DFP/1.1.0/Device/Include/TM4C123\TM4C123GH6PM.h(897): warning: anonymous unions are a C11 extension [-Wc11-extensions]
  union {
  ^
C:/Users/MehmetKurt/AppData/Local/Arm/Packs/Keil/TM4C_DFP/1.1.0/Device/Include/TM4C123\TM4C123GH6PM.h(904): warning: anonymous unions are a C11 extension [-Wc11-extensions]
  union {
  ^
C:/Users/MehmetKurt/AppData/Local/Arm/Packs/Keil/TM4C_DFP/1.1.0/Device/Include/TM4C123\TM4C123GH6PM.h(910): warning: anonymous unions are a C11 extension [-Wc11-extensions]
  union {
  ^
C:/Users/MehmetKurt/AppData/Local/Arm/Packs/Keil/TM4C_DFP/1.1.0/Device/Include/TM4C123\TM4C123GH6PM.h(917): warning: anonymous unions are a C11 extension [-Wc11-extensions]
  union {
  ^
C:/Users/MehmetKurt/AppData/Local/Arm/Packs/Keil/TM4C_DFP/1.1.0/Device/Include/TM4C123\TM4C123GH6PM.h(924): warning: anonymous unions are a C11 extension [-Wc11-extensions]
  union {
  ^
C:/Users/MehmetKurt/AppData/Local/Arm/Packs/Keil/TM4C_DFP/1.1.0/Device/Include/TM4C123\TM4C123GH6PM.h(929): warning: anonymous unions are a C11 extension [-Wc11-extensions]
  union {
  ^
C:/Users/MehmetKurt/AppData/Local/Arm/Packs/Keil/TM4C_DFP/1.1.0/Device/Include/TM4C123\TM4C123GH6PM.h(936): warning: anonymous unions are a C11 extension [-Wc11-extensions]
  union {
  ^
C:/Users/MehmetKurt/AppData/Local/Arm/Packs/Keil/TM4C_DFP/1.1.0/Device/Include/TM4C123\TM4C123GH6PM.h(942): warning: anonymous unions are a C11 extension [-Wc11-extensions]
  union {
  ^
C:/Users/MehmetKurt/AppData/Local/Arm/Packs/Keil/TM4C_DFP/1.1.0/Device/Include/TM4C123\TM4C123GH6PM.h(949): warning: anonymous unions are a C11 extension [-Wc11-extensions]
  union {
  ^
C:/Users/MehmetKurt/AppData/Local/Arm/Packs/Keil/TM4C_DFP/1.1.0/Device/Include/TM4C123\TM4C123GH6PM.h(956): warning: anonymous unions are a C11 extension [-Wc11-extensions]
  union {
  ^
C:/Users/MehmetKurt/AppData/Local/Arm/Packs/Keil/TM4C_DFP/1.1.0/Device/Include/TM4C123\TM4C123GH6PM.h(961): warning: anonymous unions are a C11 extension [-Wc11-extensions]
  union {
  ^
C:/Users/MehmetKurt/AppData/Local/Arm/Packs/Keil/TM4C_DFP/1.1.0/Device/Include/TM4C123\TM4C123GH6PM.h(968): warning: anonymous unions are a C11 extension [-Wc11-extensions]
  union {
  ^
C:/Users/MehmetKurt/AppData/Local/Arm/Packs/Keil/TM4C_DFP/1.1.0/Device/Include/TM4C123\TM4C123GH6PM.h(974): warning: anonymous unions are a C11 extension [-Wc11-extensions]
  union {
  ^
C:/Users/MehmetKurt/AppData/Local/Arm/Packs/Keil/TM4C_DFP/1.1.0/Device/Include/TM4C123\TM4C123GH6PM.h(981): warning: anonymous unions are a C11 extension [-Wc11-extensions]
  union {
  ^
C:/Users/MehmetKurt/AppData/Local/Arm/Packs/Keil/TM4C_DFP/1.1.0/Device/Include/TM4C123\TM4C123GH6PM.h(988): warning: anonymous unions are a C11 extension [-Wc11-extensions]
  union {
  ^
C:/Users/MehmetKurt/AppData/Local/Arm/Packs/Keil/TM4C_DFP/1.1.0/Device/Include/TM4C123\TM4C123GH6PM.h(993): warning: anonymous unions are a C11 extension [-Wc11-extensions]
  union {
  ^
C:/Users/MehmetKurt/AppData/Local/Arm/Packs/Keil/TM4C_DFP/1.1.0/Device/Include/TM4C123\TM4C123GH6PM.h(1000): warning: anonymous unions are a C11 extension [-Wc11-extensions]
  union {
  ^
C:/Users/MehmetKurt/AppData/Local/Arm/Packs/Keil/TM4C_DFP/1.1.0/Device/Include/TM4C123\TM4C123GH6PM.h(1006): warning: anonymous unions are a C11 extension [-Wc11-extensions]
  union {
  ^
C:/Users/MehmetKurt/AppData/Local/Arm/Packs/Keil/TM4C_DFP/1.1.0/Device/Include/TM4C123\TM4C123GH6PM.h(1013): warning: anonymous unions are a C11 extension [-Wc11-extensions]
  union {
  ^
C:/Users/MehmetKurt/AppData/Local/Arm/Packs/Keil/TM4C_DFP/1.1.0/Device/Include/TM4C123\TM4C123GH6PM.h(1020): warning: anonymous unions are a C11 extension [-Wc11-extensions]
  union {
  ^
C:/Users/MehmetKurt/AppData/Local/Arm/Packs/Keil/TM4C_DFP/1.1.0/Device/Include/TM4C123\TM4C123GH6PM.h(1025): warning: anonymous unions are a C11 extension [-Wc11-extensions]
  union {
  ^
C:/Users/MehmetKurt/AppData/Local/Arm/Packs/Keil/TM4C_DFP/1.1.0/Device/Include/TM4C123\TM4C123GH6PM.h(1032): warning: anonymous unions are a C11 extension [-Wc11-extensions]
  union {
  ^
C:/Users/MehmetKurt/AppData/Local/Arm/Packs/Keil/TM4C_DFP/1.1.0/Device/Include/TM4C123\TM4C123GH6PM.h(1038): warning: anonymous unions are a C11 extension [-Wc11-extensions]
  union {
  ^
C:/Users/MehmetKurt/AppData/Local/Arm/Packs/Keil/TM4C_DFP/1.1.0/Device/Include/TM4C123\TM4C123GH6PM.h(1045): warning: anonymous unions are a C11 extension [-Wc11-extensions]
  union {
  ^
C:/Users/MehmetKurt/AppData/Local/Arm/Packs/Keil/TM4C_DFP/1.1.0/Device/Include/TM4C123\TM4C123GH6PM.h(1052): warning: anonymous unions are a C11 extension [-Wc11-extensions]
  union {
  ^
C:/Users/MehmetKurt/AppData/Local/Arm/Packs/Keil/TM4C_DFP/1.1.0/Device/Include/TM4C123\TM4C123GH6PM.h(1057): warning: anonymous unions are a C11 extension [-Wc11-extensions]
  union {
  ^
C:/Users/MehmetKurt/AppData/Local/Arm/Packs/Keil/TM4C_DFP/1.1.0/Device/Include/TM4C123\TM4C123GH6PM.h(1064): warning: anonymous unions are a C11 extension [-Wc11-extensions]
  union {
  ^
C:/Users/MehmetKurt/AppData/Local/Arm/Packs/Keil/TM4C_DFP/1.1.0/Device/Include/TM4C123\TM4C123GH6PM.h(1070): warning: anonymous unions are a C11 extension [-Wc11-extensions]
  union {
  ^
C:/Users/MehmetKurt/AppData/Local/Arm/Packs/Keil/TM4C_DFP/1.1.0/Device/Include/TM4C123\TM4C123GH6PM.h(1077): warning: anonymous unions are a C11 extension [-Wc11-extensions]
  union {
  ^
C:/Users/MehmetKurt/AppData/Local/Arm/Packs/Keil/TM4C_DFP/1.1.0/Device/Include/TM4C123\TM4C123GH6PM.h(1084): warning: anonymous unions are a C11 extension [-Wc11-extensions]
  union {
  ^
C:/Users/MehmetKurt/AppData/Local/Arm/Packs/Keil/TM4C_DFP/1.1.0/Device/Include/TM4C123\TM4C123GH6PM.h(1089): warning: anonymous unions are a C11 extension [-Wc11-extensions]
  union {
  ^
C:/Users/MehmetKurt/AppData/Local/Arm/Packs/Keil/TM4C_DFP/1.1.0/Device/Include/TM4C123\TM4C123GH6PM.h(1096): warning: anonymous unions are a C11 extension [-Wc11-extensions]
  union {
  ^
C:/Users/MehmetKurt/AppData/Local/Arm/Packs/Keil/TM4C_DFP/1.1.0/Device/Include/TM4C123\TM4C123GH6PM.h(1102): warning: anonymous unions are a C11 extension [-Wc11-extensions]
  union {
  ^
C:/Users/MehmetKurt/AppData/Local/Arm/Packs/Keil/TM4C_DFP/1.1.0/Device/Include/TM4C123\TM4C123GH6PM.h(1251): warning: anonymous unions are a C11 extension [-Wc11-extensions]
  union {
  ^
../lcd/mymain.c(6): warning: In file included from...
../lcd/Nokia5110.h(1): warning: // comments are not allowed in this language [-Wcomment]
// Nokia5110.h
^
../lcd/Nokia5110.h(115): warning: no newline at end of file [-Wnewline-eof]
void Nokia5110_DrawFullImage(const char *ptr);
                                              ^
../lcd/mymain.c(8): warning: a function declaration without a prototype is deprecated in all versions of C [-Wstrict-prototypes]
void Init_state(){
               ^
                void
../lcd/mymain.c(10): warning: // comments are not allowed in this language [-Wcomment]
        //POTENTIOMETER CONFIGURATION
        ^
../lcd/mymain.c(17): warning: implicit conversion changes signedness: 'int' to 'unsigned int' [-Wsign-conversion]
        GPIOB->DIR &= ~(1<<4);
                   ~~ ^~~~~~~
../lcd/mymain.c(20): warning: implicit conversion changes signedness: 'int' to 'unsigned int' [-Wsign-conversion]
        ADC0->ACTSS &= ~0x08;
                    ~~ ^~~~~
../lcd/mymain.c(21): warning: implicit conversion changes signedness: 'int' to 'unsigned int' [-Wsign-conversion]
        ADC0->EMUX &= ~0xF000;
                   ~~ ^~~~~~~
../lcd/mymain.c(8): warning: no previous prototype for function 'Init_state' [-Wmissing-prototypes]
void Init_state(){
     ^
../lcd/mymain.c(8): note: declare 'static' if the function is not intended to be used outside of this translation unit
void Init_state(){
^
static 
../lcd/mymain.c(31): warning: empty expression statement has no effect; remove unnecessary ';' to silence this warning [-Wextra-semi-stmt]
        while((ADC0->RIS&(1<<3)) == 0){};
                                        ^
../lcd/mymain.c(33): warning: implicit conversion changes signedness: 'volatile uint32_t' (aka 'volatile unsigned int') to 'int' [-Wsign-conversion]
        x = ADC0->SSFIFO3;
          ~ ~~~~~~^~~~~~~
../lcd/mymain.c(43): warning: no previous prototype for function 'initLED' [-Wmissing-prototypes]
void initLED(void)
     ^
../lcd/mymain.c(43): note: declare 'static' if the function is not intended to be used outside of this translation unit
void initLED(void)
^
static 
../lcd/mymain.c(72): warning: a function declaration without a prototype is deprecated in all versions of C [-Wstrict-prototypes]
void red_on_all_off(){
                   ^
                    void
../lcd/mymain.c(73): warning: implicit conversion changes signedness: 'int' to 'unsigned int' [-Wsign-conversion]
                GPIOF->DATA &= ~0x0E;  // Set the output of pin PF1 (red LED) to low
                            ~~ ^~~~~
../lcd/mymain.c(72): warning: no previous prototype for function 'red_on_all_off' [-Wmissing-prototypes]
void red_on_all_off(){
     ^
../lcd/mymain.c(72): note: declare 'static' if the function is not intended to be used outside of this translation unit
void red_on_all_off(){
^
static 
../lcd/mymain.c(78): warning: a function declaration without a prototype is deprecated in all versions of C [-Wstrict-prototypes]
void blue_on_all_off(){
                    ^
                     void
../lcd/mymain.c(79): warning: implicit conversion changes signedness: 'int' to 'unsigned int' [-Wsign-conversion]
        GPIOF->DATA &= ~0x0E;  // Set the output of pin PF1 (red LED) to low
                    ~~ ^~~~~
../lcd/mymain.c(78): warning: no previous prototype for function 'blue_on_all_off' [-Wmissing-prototypes]
void blue_on_all_off(){
     ^
../lcd/mymain.c(78): note: declare 'static' if the function is not intended to be used outside of this translation unit
void blue_on_all_off(){
^
static 
../lcd/mymain.c(85): warning: a function declaration without a prototype is deprecated in all versions of C [-Wstrict-prototypes]
void green_on_all_off(){
                     ^
                      void
../lcd/mymain.c(86): warning: implicit conversion changes signedness: 'int' to 'unsigned int' [-Wsign-conversion]
        GPIOF->DATA&= ~0x0E;  // Set the output of pin PF1 (red LED) to low
                   ~~ ^~~~~
../lcd/mymain.c(85): warning: no previous prototype for function 'green_on_all_off' [-Wmissing-prototypes]
void green_on_all_off(){
     ^
../lcd/mymain.c(85): note: declare 'static' if the function is not intended to be used outside of this translation unit
void green_on_all_off(){
^
static 
../lcd/mymain.c(101): warning: implicit conversion changes signedness: 'int' to 'char' [-Wsign-conversion]
        return -1;                  /* no write was performed */
        ~~~~~~ ^~
../lcd/mymain.c(103): warning: implicit conversion changes signedness: 'int' to 'uint32_t' (aka 'unsigned int') [-Wsign-conversion]
    I2C3->MSA = slave_address << 1;
              ~ ~~~~~~~~~~~~~~^~~~
../lcd/mymain.c(107): warning: implicit conversion loses integer precision: 'int' to 'char' [-Wimplicit-int-conversion]
    error = I2C_wait_till_done();   /* wait until write is complete */
          ~ ^~~~~~~~~~~~~~~~~~~~
../lcd/mymain.c(115): warning: implicit conversion loses integer precision: 'int' to 'char' [-Wimplicit-int-conversion]
        error = I2C_wait_till_done();
              ~ ^~~~~~~~~~~~~~~~~~~~
../lcd/mymain.c(123): warning: implicit conversion loses integer precision: 'int' to 'char' [-Wimplicit-int-conversion]
    error = I2C_wait_till_done();
          ~ ^~~~~~~~~~~~~~~~~~~~
../lcd/mymain.c(143): warning: implicit conversion changes signedness: 'int' to 'char' [-Wsign-conversion]
        return -1;         /* no read was performed */
        ~~~~~~ ^~
../lcd/mymain.c(146): warning: implicit conversion changes signedness: 'int' to 'uint32_t' (aka 'unsigned int') [-Wsign-conversion]
    I2C3->MSA = slave_address << 1;
              ~ ~~~~~~~~~~~~~~^~~~
../lcd/mymain.c(149): warning: implicit conversion loses integer precision: 'int' to 'char' [-Wimplicit-int-conversion]
    error = I2C_wait_till_done();
          ~ ^~~~~~~~~~~~~~~~~~~~
../lcd/mymain.c(154): warning: implicit conversion changes signedness: 'int' to 'uint32_t' (aka 'unsigned int') [-Wsign-conversion]
    I2C3->MSA = (slave_address << 1) + 1;   /* restart: -R-(saddr+r)-ACK */
              ~ ~~~~~~~~~~~~~~~~~~~~~^~~
../lcd/mymain.c(160): warning: implicit conversion loses integer precision: 'int' to 'char' [-Wimplicit-int-conversion]
    error = I2C_wait_till_done();
          ~ ^~~~~~~~~~~~~~~~~~~~
../lcd/mymain.c(163): warning: implicit conversion loses integer precision: 'volatile uint32_t' (aka 'volatile unsigned int') to 'char' [-Wimplicit-int-conversion]
    *data++ = I2C3->MDR;            /* store the data received */
            ~ ~~~~~~^~~
../lcd/mymain.c(185): warning: implicit conversion loses integer precision: 'int' to 'char' [-Wimplicit-int-conversion]
        error = I2C_wait_till_done();
              ~ ^~~~~~~~~~~~~~~~~~~~
../lcd/mymain.c(188): warning: implicit conversion loses integer precision: 'volatile uint32_t' (aka 'volatile unsigned int') to 'char' [-Wimplicit-int-conversion]
        *data++ = I2C3->MDR;        /* store data received */
                ~ ~~~~~~^~~
../lcd/mymain.c(192): warning: implicit conversion loses integer precision: 'int' to 'char' [-Wimplicit-int-conversion]
    error = I2C_wait_till_done();
          ~ ^~~~~~~~~~~~~~~~~~~~
../lcd/mymain.c(193): warning: implicit conversion loses integer precision: 'volatile uint32_t' (aka 'volatile unsigned int') to 'char' [-Wimplicit-int-conversion]
    *data = I2C3->MDR;              /* store data received */
          ~ ~~~~~~^~~
../lcd/mymain.c(199): warning: no previous prototype for function 'I2C3_Init' [-Wmissing-prototypes]
void I2C3_Init ( void )
     ^
../lcd/mymain.c(199): note: declare 'static' if the function is not intended to be used outside of this translation unit
void I2C3_Init ( void )
^
static 
../lcd/mymain.c(219): warning: a function declaration without a prototype is deprecated in all versions of C [-Wstrict-prototypes]
int main() {
        ^
         void
../lcd/mymain.c(243): warning: binary integer literals are a GNU extension [-Wgnu-binary-literal]
        uint8_t val3 = 0b00000000; // 4 bits
                       ^
../lcd/mymain.c(262): warning: implicit conversion changes signedness: 'int' to 'unsigned int' [-Wsign-conversion]
        GPIOF->DATA &= ~(0x0C);
                    ~~ ^~~~~~~
../lcd/mymain.c(277): warning: implicit conversion from 'int' to 'float' may lose precision [-Wimplicit-int-float-conversion]
                                valueadc= get_value();
                                        ~ ^~~~~~~~~~~
../lcd/mymain.c(278): warning: implicit conversion turns floating-point number into integer: 'float' to 'int' [-Wfloat-conversion]
                                High_TH = (valueadc/4095) * 10 + 25;
                                        ~ ~~~~~~~~~~~~~~~~~~~~~^~~~
../lcd/mymain.c(283): warning: implicit conversion from 'int' to 'float' may lose precision [-Wimplicit-int-float-conversion]
                                valueadc2 = get_value();
                                          ~ ^~~~~~~~~~~
../lcd/mymain.c(284): warning: implicit conversion turns floating-point number into integer: 'float' to 'int' [-Wfloat-conversion]
                                Low_TH = 30- (valueadc2/4095) * 10;
                                       ~ ~~^~~~~~~~~~~~~~~~~~~~~~~
../lcd/mymain.c(314): warning: implicit conversion changes signedness: 'unsigned int' to 'int32_t' (aka 'int') [-Wsign-conversion]
                  value =(uint32_t) (data[0] << 12) | (data[1] << 4) | val3;
                        ~~~~~~~~~~~~~~~~~~~~~~~~~~~~~~~~~~~~~~~~~~~~~^~~~~~
../lcd/mymain.c(314): warning: implicit conversion changes signedness: 'int' to 'unsigned int' [-Wsign-conversion]
                  value =(uint32_t) (data[0] << 12) | (data[1] << 4) | val3;
                                                    ~  ~~~~~~~~^~~~
../lcd/mymain.c(322): warning: implicit conversion turns floating-point number into integer: 'double' to 'int' [-Wfloat-conversion]
                average = sum / 128.0;
                        ~ ~~~~^~~~~~~
../lcd/mymain.c(371): warning: passing 'char[50]' to parameter of type 'unsigned char *' converts between pointers to integer types where one is of the unique plain 'char' type and the other is not [-Wpointer-sign]
                Nokia5110_OutString(str);
                                    ^~~
../lcd/Nokia5110.h(84): note: passing argument to parameter 'ptr' here
void Nokia5110_OutString(unsigned char *ptr);
                                        ^
../lcd/mymain.c(380): warning: passing 'char[50]' to parameter of type 'unsigned char *' converts between pointers to integer types where one is of the unique plain 'char' type and the other is not [-Wpointer-sign]
                Nokia5110_OutString(adchigh);
                                    ^~~~~~~
../lcd/Nokia5110.h(84): note: passing argument to parameter 'ptr' here
void Nokia5110_OutString(unsigned char *ptr);
                                        ^
../lcd/mymain.c(388): warning: passing 'char[50]' to parameter of type 'unsigned char *' converts between pointers to integer types where one is of the unique plain 'char' type and the other is not [-Wpointer-sign]
                Nokia5110_OutString(adclow);
                                    ^~~~~~
../lcd/Nokia5110.h(84): note: passing argument to parameter 'ptr' here
void Nokia5110_OutString(unsigned char *ptr);
                                        ^
../lcd/mymain.c(228): warning: mixing declarations and code is a C99 extension [-Wdeclaration-after-statement]
        int High_TH;
            ^
../lcd/mymain.c(241): warning: variable 't_fine' set but not used [-Wunused-but-set-variable]
        long signed int t_fine;
                        ^
../lcd/mymain.c(328): warning: variable 'High_TH' may be uninitialized when used here [-Wconditional-uninitialized]
                if(average<High_TH && average>Low_TH)
                           ^~~~~~~
../lcd/mymain.c(228): note: initialize the variable 'High_TH' to silence this warning
        int High_TH;
                   ^
                    = 0
../lcd/mymain.c(328): warning: variable 'Low_TH' may be uninitialized when used here [-Wconditional-uninitialized]
                if(average<High_TH && average>Low_TH)
                                              ^~~~~~
../lcd/mymain.c(229): note: initialize the variable 'Low_TH' to silence this warning
  int Low_TH;
            ^
             = 0
../lcd/mymain.c(276): warning: variable 'button' may be uninitialized when used here [-Wconditional-uninitialized]
                        if(button==0){
                           ^~~~~~
../lcd/mymain.c(230): note: initialize the variable 'button' to silence this warning
        int button;
                  ^
                   = 0
98 warnings generated.
compiling mymain.c...
linking...
Program Size: Code=12832 RO-data=1704 RW-data=0 ZI-data=608  
".\Objects\TempController.axf" - 0 Error(s), 98 Warning(s).

<h2>Software Packages used:</h2>

Package Vendor: ARM
                http://www.keil.com/pack/ARM.CMSIS.5.9.0.pack
                ARM.CMSIS.5.9.0
                CMSIS (Common Microcontroller Software Interface Standard)
   * Component: CORE Version: 5.6.0

Package Vendor: Keil
                http://www.keil.com/pack/Keil.TM4C_DFP.1.1.0.pack
                Keil.TM4C_DFP.1.1.0
                Texas Instruments Tiva C Series Device Support and Examples
   * Component: Startup Version: 1.0.1

<h2>Collection of Component include folders:</h2>
  ./RTE/_Target_1
  C:/Users/MehmetKurt/AppData/Local/Arm/Packs/ARM/CMSIS/5.9.0/CMSIS/Core/Include
  C:/Users/MehmetKurt/AppData/Local/Arm/Packs/Keil/TM4C_DFP/1.1.0/Device/Include/TM4C123

<h2>Collection of Component Files used:</h2>

   * Component: ARM::CMSIS:CORE:5.6.0

   * Component: Keil::Device:Startup:1.0.1
      Include file:  Device/Include/TM4C123/TM4C123.h
      Source file:   Device/Source/system_TM4C123.c
      Source file:   Device/Source/ARM/startup_TM4C123.s
Build Time Elapsed:  00:00:02
</pre>
</body>
</html>
